<html>
<body>
<pre>
<h1>µVision Build Log</h1>
<h2>Project:</h2>
C:\Keil\Labware\Lab15_VirtualSpaceInvaders\SpaceInvaders.uvproj
Project File Date:  04/19/2014

<h2>Output:</h2>
Build target 'SpaceInvaders'
compiling SpaceInvaders.c...
SpaceInvaders.c(71): warning:  #223-D: function "rand" declared implicitly
        attackerx = rand()%3;
SpaceInvaders.c(237): warning:  #1-D: last line of file ends without a newline
  }
SpaceInvaders.c: 2 warnings, 0 errors
linking...
Program Size: Code=4712 RO-data=1752 RW-data=120 ZI-data=1912  
".\SpaceInvaders.axf" - 0 Error(s), 2 Warning(s).
nst unsigned char *"
                        Nokia5110_PrintBMP(,attackerMove1,tracks[attackerx]  attacker, 0);
SpaceInvaders.c(109): error:  #165: too few arguments in function call
                        Nokia5110_PrintBMP(,attackerMove1,tracks[attackerx]  attacker, 0);
SpaceInvaders.c(109): error:  #18: expected a ")"
                        Nokia5110_PrintBMP(,attackerMove1,tracks[attackerx]  attacker, 0);
SpaceInvaders.c(237): warning:  #1-D: last line of file ends without a newline
  }
SpaceInvaders.c: 2 warnings, 4 errors
".\SpaceInvaders.axf" - 4 Error(s), 2 Warning(s).
Target not created
Error: Could not load file 'C:\Keil\Labware\Lab15_VirtualSpaceInvaders\SpaceInvaders.axf'. Debugger aborted !
Error: Could not load file 'C:\Keil\Labware\Lab15_VirtualSpaceInvaders\SpaceInvaders.axf'. Debugger aborted !
